<Level>
    <EditorSession>
        <Performance CamClipPlanes="0.05 1000" LightsActive="true" PSActive="true" ShowFog="true" ShowSkybox="true" WorldReflection="true" />
        <ViewportConfig BGColor="0.2 0.2 0.2 1" GAmbientLight="true" GPointLight="true" GridSnap="true" GridSnapSeparation="0.25" SelectedViewport="3" UsingEnlargedViewport="true">
            <Viewport CameraPosition="0 0 180" CameraTarget="0 0 0" CameraZoom="0" GridHeight="0" GridPlane="2" Preset="0" RenderMode="1" ShowAxes="true" ShowGrid="true" UsingLTCam="true" />
            <Viewport CameraPosition="180 0 0" CameraTarget="0 0 0" CameraZoom="0" GridHeight="0" GridPlane="0" Preset="1" RenderMode="1" ShowAxes="true" ShowGrid="true" UsingLTCam="true" />
            <Viewport CameraPosition="0 180 0" CameraTarget="0 0 0" CameraZoom="0" GridHeight="0" GridPlane="1" Preset="2" RenderMode="1" ShowAxes="true" ShowGrid="true" UsingLTCam="true" />
            <Viewport CameraPosition="-1.87739 4.6619 -5.02925" CameraTarget="-6.55269 1.2924 -3.03716" CameraZoom="2.10413" GridHeight="0.25" GridPlane="1" Preset="3" RenderMode="0" ShowAxes="true" ShowGrid="true" UsingLTCam="false" />
        </ViewportConfig>
        <Groups>
            <Group ID="0" Name="None" Visible="true" />
        </Groups>
    </EditorSession>
    <MapData FogActive="false" FogColor="1 1 1 1" FogCulling="true" FogEnd="20" FogFalloffExp="1" FogStart="0" GlobalDecalMaxTris="300" Name="" SkyBoxActive="false" SkyBoxColor="1 1 1 1" SkyBoxTexture="../../../../../../">
        <MapContents>
            <FileIndex_StaticObjects NumOfFiles="4">
                <File Id="0" Path="static_objects/castlebase/wall/welder.dae" />
                <File Id="1" Path="static_objects/castlebase/wall/door_frame.dae" />
                <File Id="2" Path="static_objects/castlebase/wall/default.dae" />
                <File Id="3" Path="static_objects/castlebase/wall/door_way.dae" />
            </FileIndex_StaticObjects>
            <FileIndex_Entities NumOfFiles="10">
                <File Id="0" Path="entities/special/barrier_machine/barrier_machine.ent" />
                <File Id="1" Path="entities/special/cog_wheels_machinery/cog_wheels_machinery.ent" />
                <File Id="2" Path="entities/door/level_engine/level_engine.ent" />
                <File Id="3" Path="entities/special/elevator_machine/elevator_machine.ent" />
                <File Id="4" Path="entities/special/elevator_cogwheel/elevator_cogwheel03_mounted.ent" />
                <File Id="5" Path="entities/special/elevator_machine/elevator_machine_cog_small.ent" />
                <File Id="6" Path="entities/special/elevator_machine/elevator_machine_cog_main.ent" />
                <File Id="7" Path="entities/special/elevator_machine/elevator_machine_hatch.ent" />
                <File Id="8" Path="entities/special/elevator_machine/elevator_machine_coal_lever.ent" />
                <File Id="9" Path="entities/special/elevator_machine/elevator_machine_main_lever.ent" />
            </FileIndex_Entities>
            <FileIndex_Decals NumOfFiles="0" />
            <StaticObjects>
                <StaticObject CastShadows="true" Collides="true" FileIndex="2" Group="0" ID="0" Name="wall_default_31" Rotation="0 -1.5708 0" Scale="1 1 1" Tag="" WorldPos="3.5 0.25 -0.25" />
                <StaticObject CastShadows="true" Collides="true" FileIndex="2" Group="0" ID="1" Name="wall_default_30" Rotation="0 -1.5708 0" Scale="1 1 1" Tag="" WorldPos="3.5 0.25 -4.25" />
                <StaticObject CastShadows="true" Collides="true" FileIndex="2" Group="0" ID="5" Name="wall_default_29" Rotation="0 -1.5708 0" Scale="1 1 1" Tag="" WorldPos="3.5 0.25 -8.25" />
                <StaticObject CastShadows="true" Collides="true" FileIndex="2" Group="0" ID="6" Name="wall_default_33" Rotation="0 3.49691e-007 0" Scale="1 1 1" Tag="" WorldPos="-6.25 0.25 -2" />
                <StaticObject CastShadows="true" Collides="true" FileIndex="2" Group="0" ID="7" Name="wall_default_36" Rotation="3.14159 -6.75532e-007 3.14159" Scale="1 1 1" Tag="" WorldPos="-6.25 0.25 -2" />
                <StaticObject CastShadows="true" Collides="true" FileIndex="2" Group="0" ID="8" Name="wall_default_28" Rotation="0 1.74846e-007 0" Scale="1 1 1" Tag="" WorldPos="1.5 0.25 -10.25" />
                <StaticObject CastShadows="true" Collides="true" FileIndex="2" Group="0" ID="9" Name="wall_default_22" Rotation="3.14159 1.5708 3.14159" Scale="1 1 1" Tag="" WorldPos="-8.5 0.25 3.75" />
                <StaticObject CastShadows="true" Collides="true" FileIndex="2" Group="0" ID="10" Name="wall_default_23" Rotation="3.14159 1.5708 3.14159" Scale="1 1 1" Tag="" WorldPos="-8.5 0.25 -0.25" />
                <StaticObject CastShadows="true" Collides="true" FileIndex="0" Group="0" ID="11" Name="wall_welder_1" Rotation="0 0.261799 0" Scale="1 1 1" Tag="" WorldPos="-8.25 0.25 -2" />
                <StaticObject CastShadows="true" Collides="true" FileIndex="0" Group="0" ID="12" Name="wall_welder_2" Rotation="3.14159 1.0472 3.14159" Scale="1 1 1" Tag="" WorldPos="-8.25 0.25 -2.5" />
                <StaticObject CastShadows="true" Collides="true" FileIndex="2" Group="0" ID="13" Name="wall_default_27" Rotation="0 1.74846e-007 0" Scale="1 1 1" Tag="" WorldPos="-2.5 0.25 -10.25" />
                <StaticObject CastShadows="true" Collides="true" FileIndex="2" Group="0" ID="14" Name="wall_default_24" Rotation="3.14159 1.5708 3.14159" Scale="1 1 1" Tag="" WorldPos="-8.5 0.25 -4.25" />
                <StaticObject CastShadows="true" Collides="true" FileIndex="2" Group="0" ID="15" Name="wall_default_25" Rotation="3.14159 1.5708 3.14159" Scale="1 1 1" Tag="" WorldPos="-8.5 0.25 -8.25" />
                <StaticObject CastShadows="true" Collides="true" FileIndex="2" Group="0" ID="16" Name="wall_default_26" Rotation="0 1.74846e-007 0" Scale="1 1 1" Tag="" WorldPos="-6.5 0.25 -10.5" />
                <StaticObject CastShadows="true" Collides="true" FileIndex="2" Group="0" ID="23" Name="wall_default_32" Rotation="0 -1.5708 0" Scale="1 1 1" Tag="" WorldPos="3.5 0.25 3.75" />
                <StaticObject CastShadows="true" Collides="true" FileIndex="2" Group="0" ID="24" Name="wall_default_35" Rotation="3.14159 1.43051e-006 3.14159" Scale="1 1 1" Tag="" WorldPos="1.5 0.25 5.75" />
                <StaticObject CastShadows="true" Collides="true" FileIndex="2" Group="0" ID="25" Name="wall_default_38" Rotation="3.14159 1.43051e-006 3.14159" Scale="1 1 1" Tag="" WorldPos="-6.5 0.25 5.75" />
                <StaticObject CastShadows="true" Collides="true" FileIndex="3" Group="0" ID="28" Name="wall_door_way_1" Rotation="3.14159 8.74228e-008 3.14159" Scale="1 1 1" Tag="" WorldPos="-2.5 0.25 5.75" />
                <StaticObject CastShadows="true" Collides="true" FileIndex="1" Group="0" ID="29" Name="wall_door_frame_1" Rotation="3.14159 8.74228e-008 3.14159" Scale="1 1 1" Tag="" WorldPos="-2.5 0.25 5.75" />
                <StaticObject CastShadows="true" Collides="true" FileIndex="2" Group="0" ID="50" Name="wall_default_34" Rotation="0 3.49691e-007 0" Scale="1 1 1" Tag="" WorldPos="-2.25 0.25 -2" />
                <StaticObject CastShadows="true" Collides="true" FileIndex="2" Group="0" ID="51" Name="wall_default_37" Rotation="3.14159 -6.75532e-007 3.14159" Scale="1 1 1" Tag="" WorldPos="-2.25 0.25 -2" />
            </StaticObjects>
            <Primitives>
                <Plane Active="true" AlignToWorldCoords="false" CastShadows="false" Collides="true" Corner1UV="0 17.75" Corner2UV="0 0" Corner3UV="13.25 0" Corner4UV="13.25 17.75" EndCorner="13.25 0 17.75" Group="0" ID="17" Material="D:/SteamLibrary/steamapps/steamapps/common/Amnesia The Dark Descent/static_objects/mansionbase/floor/mansionbase_floor_boards.mat" Name="Plane" Rotation="0 0 0" Scale="1 1 1" StartCorner="0 0 0" Tag="" TextureAngle="0" TileAmount="1 1 1" TileOffset="0 0 0" WorldPos="-9 0.25 -12" />
            </Primitives>
            <Decals />
            <Entities>
                <Entity Active="true" FileIndex="3" Group="0" ID="18" Name="elevator_machine_1" Rotation="3.14159 4.39483e-006 3.14159" Scale="1 1 1" Tag="" WorldPos="-3.75 0.25 -5.8">
                    <UserVariables>
                        <Var Name="CastShadows" Value="true" />
                        <Var Name="IsAffectedByDecal" Value="true" />
                    </UserVariables>
                </Entity>
                <Entity Active="true" FileIndex="0" Group="0" ID="19" Name="barrier_machine_1" Rotation="3.14159 -8.74228e-008 3.14159" Scale="1 1 1" Tag="" WorldPos="-7.75 0.25 2.75">
                    <UserVariables>
                        <Var Name="CastShadows" Value="true" />
                        <Var Name="IsAffectedByDecal" Value="true" />
                    </UserVariables>
                </Entity>
                <Entity Active="true" FileIndex="1" Group="0" ID="20" Name="cog_wheels_machinery_1" Rotation="-1.5708 1.5708 3.14159" Scale="1 1 1" Tag="" WorldPos="-8 2.75 0.25">
                    <UserVariables>
                        <Var Name="CastShadows" Value="true" />
                        <Var Name="StaticPhysics" Value="false" />
                        <Var Name="IsAffectedByDecal" Value="false" />
                        <Var Name="CallbackFunc" Value="" />
                        <Var Name="ConnectedProps" Value="" />
                        <Var Name="ConnectionStateChangeCallback" Value="" />
                        <Var Name="FullGameSave" Value="false" />
                        <Var Name="PlayerLookAtCallback" Value="" />
                        <Var Name="PlayerLookAtCallbackAutoRemove" Value="false" />
                        <Var Name="PlayerInteractCallback" Value="" />
                        <Var Name="PlayerInteractCallbackAutoRemove" Value="false" />
                        <Var Name="ContainedItem" Value="None" />
                        <Var Name="DisableBreakable" Value="false" />
                        <Var Name="IsInsanityVision" Value="false" />
                        <Var Name="VisionMaxSanity" Value="30" />
                    </UserVariables>
                </Entity>
                <Entity Active="true" FileIndex="2" Group="0" ID="30" Name="level_engine_1" Rotation="-3.14159 -8.74228e-008 -3.14159" Scale="1 1 1" Tag="" WorldPos="-2.42725 0.330402 5.71754">
                    <UserVariables>
                        <Var Name="CastShadows" Value="true" />
                        <Var Name="StaticPhysics" Value="false" />
                        <Var Name="IsAffectedByDecal" Value="false" />
                        <Var Name="CallbackFunc" Value="" />
                        <Var Name="ConnectedProps" Value="" />
                        <Var Name="ConnectionStateChangeCallback" Value="" />
                        <Var Name="FullGameSave" Value="false" />
                        <Var Name="PlayerLookAtCallback" Value="" />
                        <Var Name="PlayerLookAtCallbackAutoRemove" Value="false" />
                        <Var Name="PlayerInteractCallback" Value="" />
                        <Var Name="PlayerInteractCallbackAutoRemove" Value="false" />
                        <Var Name="TextEntry" Value="" />
                        <Var Name="StartPos" Value="" />
                        <Var Name="MapFile" Value="" />
                        <Var Name="Locked" Value="false" />
                        <Var Name="LockedSound" Value="" />
                        <Var Name="LockedTextCat" Value="" />
                        <Var Name="LockedTextEntry" Value="" />
                        <Var Name="ShowStats" Value="true" />
                    </UserVariables>
                </Entity>
                <Entity Active="true" FileIndex="4" Group="0" ID="41" Name="elevator_cogwheel03_mounted_1" Rotation="-3.10374 1.5708 -3.10374" Scale="1 1 1" Tag="" WorldPos="-7.76 1.01 -5.79">
                    <UserVariables>
                        <Var Name="CastShadows" Value="true" />
                        <Var Name="StaticPhysics" Value="false" />
                        <Var Name="IsAffectedByDecal" Value="false" />
                        <Var Name="CallbackFunc" Value="" />
                        <Var Name="ConnectedProps" Value="" />
                        <Var Name="ConnectionStateChangeCallback" Value="" />
                        <Var Name="FullGameSave" Value="false" />
                        <Var Name="PlayerLookAtCallback" Value="" />
                        <Var Name="PlayerLookAtCallbackAutoRemove" Value="false" />
                        <Var Name="PlayerInteractCallback" Value="" />
                        <Var Name="PlayerInteractCallbackAutoRemove" Value="false" />
                        <Var Name="ContainedItem" Value="None" />
                        <Var Name="DisableBreakable" Value="false" />
                        <Var Name="IsInsanityVision" Value="false" />
                        <Var Name="VisionMaxSanity" Value="30" />
                    </UserVariables>
                </Entity>
                <Entity Active="true" FileIndex="4" Group="0" ID="43" Name="elevator_cogwheel03_mounted_2" Rotation="-3.10374 1.5708 -3.10374" Scale="1 1 1" Tag="" WorldPos="-7.76 1.67 -6.55">
                    <UserVariables>
                        <Var Name="CastShadows" Value="true" />
                        <Var Name="StaticPhysics" Value="false" />
                        <Var Name="IsAffectedByDecal" Value="false" />
                        <Var Name="CallbackFunc" Value="" />
                        <Var Name="ConnectedProps" Value="" />
                        <Var Name="ConnectionStateChangeCallback" Value="" />
                        <Var Name="FullGameSave" Value="false" />
                        <Var Name="PlayerLookAtCallback" Value="" />
                        <Var Name="PlayerLookAtCallbackAutoRemove" Value="false" />
                        <Var Name="PlayerInteractCallback" Value="" />
                        <Var Name="PlayerInteractCallbackAutoRemove" Value="false" />
                        <Var Name="ContainedItem" Value="None" />
                        <Var Name="DisableBreakable" Value="false" />
                        <Var Name="IsInsanityVision" Value="false" />
                        <Var Name="VisionMaxSanity" Value="30" />
                    </UserVariables>
                </Entity>
                <Entity Active="true" FileIndex="4" Group="0" ID="44" Name="elevator_cogwheel03_mounted_3" Rotation="-3.10374 1.5708 -3.10374" Scale="1 1 1" Tag="" WorldPos="-7.76 1.67 -4.95">
                    <UserVariables>
                        <Var Name="CastShadows" Value="true" />
                        <Var Name="StaticPhysics" Value="false" />
                        <Var Name="IsAffectedByDecal" Value="false" />
                        <Var Name="CallbackFunc" Value="" />
                        <Var Name="ConnectedProps" Value="" />
                        <Var Name="ConnectionStateChangeCallback" Value="" />
                        <Var Name="FullGameSave" Value="false" />
                        <Var Name="PlayerLookAtCallback" Value="" />
                        <Var Name="PlayerLookAtCallbackAutoRemove" Value="false" />
                        <Var Name="PlayerInteractCallback" Value="" />
                        <Var Name="PlayerInteractCallbackAutoRemove" Value="false" />
                        <Var Name="ContainedItem" Value="None" />
                        <Var Name="DisableBreakable" Value="false" />
                        <Var Name="IsInsanityVision" Value="false" />
                        <Var Name="VisionMaxSanity" Value="30" />
                    </UserVariables>
                </Entity>
                <Entity Active="true" FileIndex="5" Group="0" ID="45" Name="elevator_machine_cog_small_1" Rotation="3.14159 1.5708 3.14159" Scale="1 1 1" Tag="" WorldPos="-8 1.75 -4.21">
                    <UserVariables>
                        <Var Name="CastShadows" Value="true" />
                        <Var Name="StaticPhysics" Value="false" />
                        <Var Name="IsAffectedByDecal" Value="false" />
                        <Var Name="CallbackFunc" Value="" />
                        <Var Name="ConnectedProps" Value="" />
                        <Var Name="ConnectionStateChangeCallback" Value="" />
                        <Var Name="FullGameSave" Value="false" />
                        <Var Name="PlayerLookAtCallback" Value="" />
                        <Var Name="PlayerLookAtCallbackAutoRemove" Value="false" />
                        <Var Name="PlayerInteractCallback" Value="" />
                        <Var Name="PlayerInteractCallbackAutoRemove" Value="false" />
                        <Var Name="ContainedItem" Value="None" />
                        <Var Name="DisableBreakable" Value="false" />
                        <Var Name="IsInsanityVision" Value="false" />
                        <Var Name="VisionMaxSanity" Value="30" />
                    </UserVariables>
                </Entity>
                <Entity Active="true" FileIndex="5" Group="0" ID="46" Name="elevator_machine_cog_small_2" Rotation="3.14159 1.5708 3.14159" Scale="1 1 1" Tag="" WorldPos="-8 2.5 -3.75">
                    <UserVariables>
                        <Var Name="CastShadows" Value="true" />
                        <Var Name="StaticPhysics" Value="false" />
                        <Var Name="IsAffectedByDecal" Value="false" />
                        <Var Name="CallbackFunc" Value="" />
                        <Var Name="ConnectedProps" Value="" />
                        <Var Name="ConnectionStateChangeCallback" Value="" />
                        <Var Name="FullGameSave" Value="false" />
                        <Var Name="PlayerLookAtCallback" Value="" />
                        <Var Name="PlayerLookAtCallbackAutoRemove" Value="false" />
                        <Var Name="PlayerInteractCallback" Value="" />
                        <Var Name="PlayerInteractCallbackAutoRemove" Value="false" />
                        <Var Name="ContainedItem" Value="None" />
                        <Var Name="DisableBreakable" Value="false" />
                        <Var Name="IsInsanityVision" Value="false" />
                        <Var Name="VisionMaxSanity" Value="30" />
                    </UserVariables>
                </Entity>
                <Entity Active="true" FileIndex="5" Group="0" ID="47" Name="elevator_machine_cog_small_3" Rotation="3.14159 2.26498e-006 3.14159" Scale="1 1 1" Tag="" WorldPos="-6.44 2.73 -2.46">
                    <UserVariables>
                        <Var Name="CastShadows" Value="true" />
                        <Var Name="StaticPhysics" Value="false" />
                        <Var Name="IsAffectedByDecal" Value="false" />
                        <Var Name="CallbackFunc" Value="" />
                        <Var Name="ConnectedProps" Value="" />
                        <Var Name="ConnectionStateChangeCallback" Value="" />
                        <Var Name="FullGameSave" Value="false" />
                        <Var Name="PlayerLookAtCallback" Value="" />
                        <Var Name="PlayerLookAtCallbackAutoRemove" Value="false" />
                        <Var Name="PlayerInteractCallback" Value="" />
                        <Var Name="PlayerInteractCallbackAutoRemove" Value="false" />
                        <Var Name="ContainedItem" Value="None" />
                        <Var Name="DisableBreakable" Value="false" />
                        <Var Name="IsInsanityVision" Value="false" />
                        <Var Name="VisionMaxSanity" Value="30" />
                    </UserVariables>
                </Entity>
                <Entity Active="true" FileIndex="6" Group="0" ID="49" Name="elevator_machine_cog_main_1" Rotation="0 3.14159 0" Scale="1 1 1" Tag="" WorldPos="-4.45 1.88 -2.42">
                    <UserVariables>
                        <Var Name="CastShadows" Value="true" />
                        <Var Name="StaticPhysics" Value="false" />
                        <Var Name="IsAffectedByDecal" Value="false" />
                        <Var Name="CallbackFunc" Value="" />
                        <Var Name="ConnectedProps" Value="" />
                        <Var Name="ConnectionStateChangeCallback" Value="" />
                        <Var Name="FullGameSave" Value="false" />
                        <Var Name="PlayerLookAtCallback" Value="" />
                        <Var Name="PlayerLookAtCallbackAutoRemove" Value="false" />
                        <Var Name="PlayerInteractCallback" Value="" />
                        <Var Name="PlayerInteractCallbackAutoRemove" Value="false" />
                        <Var Name="ContainedItem" Value="None" />
                        <Var Name="DisableBreakable" Value="false" />
                        <Var Name="IsInsanityVision" Value="false" />
                        <Var Name="VisionMaxSanity" Value="30" />
                    </UserVariables>
                </Entity>
                <Entity Active="true" FileIndex="7" Group="0" ID="52" Name="elevator_machine_hatch_1" Rotation="-0.823107 1.10802 2.10714" Scale="1 1 1" Tag="" WorldPos="-0.17 1.51 -3.45">
                    <UserVariables>
                        <Var Name="CastShadows" Value="true" />
                        <Var Name="StaticPhysics" Value="false" />
                        <Var Name="IsAffectedByDecal" Value="false" />
                        <Var Name="CallbackFunc" Value="" />
                        <Var Name="ConnectedProps" Value="" />
                        <Var Name="ConnectionStateChangeCallback" Value="" />
                        <Var Name="FullGameSave" Value="false" />
                        <Var Name="PlayerLookAtCallback" Value="" />
                        <Var Name="PlayerLookAtCallbackAutoRemove" Value="false" />
                        <Var Name="PlayerInteractCallback" Value="" />
                        <Var Name="PlayerInteractCallbackAutoRemove" Value="false" />
                        <Var Name="Locked" Value="false" />
                        <Var Name="OpenAmount" Value="0" />
                        <Var Name="DisableBreakable" Value="false" />
                    </UserVariables>
                </Entity>
                <Entity Active="true" FileIndex="8" Group="0" ID="53" Name="elevator_machine_coal_lever_1" Rotation="-2.61799 0 3.14159" Scale="1 1 1" Tag="" WorldPos="0.36 0.81 -2.43">
                    <UserVariables>
                        <Var Name="CastShadows" Value="true" />
                        <Var Name="StaticPhysics" Value="false" />
                        <Var Name="IsAffectedByDecal" Value="false" />
                        <Var Name="CallbackFunc" Value="" />
                        <Var Name="ConnectedProps" Value="" />
                        <Var Name="ConnectionStateChangeCallback" Value="CoalSend" />
                        <Var Name="FullGameSave" Value="false" />
                        <Var Name="PlayerLookAtCallback" Value="" />
                        <Var Name="PlayerLookAtCallbackAutoRemove" Value="false" />
                        <Var Name="PlayerInteractCallback" Value="" />
                        <Var Name="PlayerInteractCallbackAutoRemove" Value="false" />
                        <Var Name="StuckState" Value="None" />
                        <Var Name="InteractionDisablesStuck" Value="false" />
                        <Var Name="OverrideDefaults" Value="false" />
                        <Var Name="MiddleAngleAmount" Value="0" />
                        <Var Name="AutoMoveToAngle" Value="True" />
                        <Var Name="AutoMoveGoal" Value="Middle" />
                    </UserVariables>
                </Entity>
                <Entity Active="true" FileIndex="9" Group="0" ID="54" Name="elevator_machine_main_lever_1" Rotation="0 3.14159 0" Scale="1 1 1" Tag="" WorldPos="-7.27 0.68 -3.35">
                    <UserVariables>
                        <Var Name="CastShadows" Value="true" />
                        <Var Name="StaticPhysics" Value="false" />
                        <Var Name="IsAffectedByDecal" Value="false" />
                        <Var Name="CallbackFunc" Value="" />
                        <Var Name="ConnectedProps" Value="" />
                        <Var Name="ConnectionStateChangeCallback" Value="" />
                        <Var Name="FullGameSave" Value="false" />
                        <Var Name="PlayerLookAtCallback" Value="" />
                        <Var Name="PlayerLookAtCallbackAutoRemove" Value="false" />
                        <Var Name="PlayerInteractCallback" Value="" />
                        <Var Name="PlayerInteractCallbackAutoRemove" Value="false" />
                        <Var Name="StuckState" Value="None" />
                        <Var Name="InteractionDisablesStuck" Value="false" />
                        <Var Name="OverrideDefaults" Value="false" />
                        <Var Name="MiddleAngleAmount" Value="0" />
                        <Var Name="AutoMoveToAngle" Value="True" />
                        <Var Name="AutoMoveGoal" Value="Middle" />
                    </UserVariables>
                </Entity>
            </Entities>
            <Misc />
            <StaticObjectCombos />
        </MapContents>
    </MapData>
</Level>
